<h1 data-number="1" id="sec1"><span class="header-section-number">1</span> Equation cross-reference</h1>
<p><span class="display-math-container"><span class="math display"><em>E</em> = <em>m</em><em>c</em></span> <span class="display-math-label">(1)</span></span></p>
<p><strong>Currently fails:</strong> See <a href="#eq1" class="cross-ref">??</a>.</p>
<h1 data-number="2" id="sec2"><span class="header-section-number">2</span> Figure cross-reference</h1>
<p>See <a href="#fig1" class="cross-ref">Fig. 1</a>.</p>
<figure id="fig1">
<img src="fig1.jpg" />
<figcaption><span class="figure-label">Fig. 1: </span>test</figcaption>
</figure>
<h1 data-number="3" id="sec3"><span class="header-section-number">3</span> Table cross-reference</h1>
<p><strong>Currently fails:</strong> See <a href="#tbl1" class="cross-ref">??</a>.</p>
<div id="tbl1">
<table>
<caption><span class="table-label">Tbl. 1: </span>Table caption</caption>
<tbody>
<tr>
<td style="text-align: left;">Symbol</td>
<td style="text-align: left;">Meaning</td>
</tr>
<tr>
<td style="text-align: left;">b</td>
<td style="text-align: left;">wingspan</td>
</tr>
</tbody>
</table>
</div>
<h1 data-number="4" id="group-of-cross-references"><span class="header-section-number">4</span> Group of cross-references</h1>
<p><strong>Currently fails:</strong> See <a href="#sec1,sec2,sec3" class="cross-ref">??</a>.</p>
<h1 data-number="5" id="group-of-cross-references-of-non-uniform-types"><span class="header-section-number">5</span> Group of cross-references of non-uniform types</h1>
<p><strong>Currently fails:</strong> See <a href="#eq1,sec1,sec2" class="cross-ref">??</a>.</p>
<h1 data-number="6" id="dumb-reference"><span class="header-section-number">6</span> Dumb reference</h1>
<p>See <a href="#fig1" class="cross-ref">1</a>.</p>
