filters:
  - init.lua
from: markdown-all_symbols_escapable
