<h1 data-number="1" id="sec1"><span
class="header-section-number">1</span> Equation cross-reference</h1>
<p><span id="eq1" class="display-math-container"><span
class="math display"><em>E</em> = <em>m</em><em>c</em></span> <span
class="display-math-label">(1)</span></span></p>
<p>See <a href="#eq1" class="cross-ref">Eqn. 1</a>.</p>
<h1 data-number="2" id="sec2"><span
class="header-section-number">2</span> Figure cross-reference</h1>
<p>See <a href="#fig1" class="cross-ref">Fig. 1</a>.</p>
<figure id="fig1">
<img src="fig1.jpg" alt="test" />
<figcaption><span class="figure-label">Fig. 1:</span> test</figcaption>
</figure>
<h1 data-number="3" id="sec3"><span
class="header-section-number">3</span> Table cross-reference</h1>
<p>See <a href="#tbl1" class="cross-ref">Tbl. 1</a>.</p>
<table id="tbl1" class="class" data-key="val">
<caption><span class="table-label">Tbl. 1:</span> Table
caption</caption>
<thead>
<tr>
<th style="text-align: left;">Symbol</th>
<th style="text-align: left;">Meaning</th>
</tr>
</thead>
<tbody>
<tr>
<td style="text-align: left;">b</td>
<td style="text-align: left;">wingspan</td>
</tr>
</tbody>
</table>
<h1 data-number="4" id="groups-of-cross-references"><span
class="header-section-number">4</span> Groups of cross-references</h1>
<figure id="fig2">
<img src="fig2.jpg" alt="test" />
<figcaption><span class="figure-label">Fig. 2:</span> test</figcaption>
</figure>
<figure id="fig3">
<img src="fig3.jpg" alt="test" />
<figcaption><span class="figure-label">Fig. 3:</span> test</figcaption>
</figure>
<p>See <span class="cross-ref-group"><span
class="crossrefs-of-a-kind">Secs. <a href="#sec1"
class="cross-ref">1</a>, <a href="#sec2" class="cross-ref">2</a>, and <a
href="#sec3" class="cross-ref">3</a></span></span>.</p>
<p>See <span class="cross-ref-group"><span
class="crossrefs-of-a-kind">Figs. <a href="#fig1"
class="cross-ref">1</a> and <a href="#fig2" class="cross-ref">2</a> or
<a href="#fig3" class="cross-ref">3</a></span></span>.</p>
<p>See <span class="cross-ref-group"><span
class="crossrefs-of-a-kind">Figs. <a href="#fig1"
class="cross-ref">1</a>, <a href="#fig2" class="cross-ref">2</a>, and <a
href="#fig3" class="cross-ref">3</a></span></span>.</p>
<p>See <span class="cross-ref-group"><span
class="crossrefs-of-a-kind">Figs. <a href="#fig1"
class="cross-ref">1</a>; <a href="#fig2" class="cross-ref">2</a>; <a
href="#fig3" class="cross-ref">3</a></span></span>.</p>
<p>See <span class="cross-ref-group"><span
class="crossrefs-of-a-kind">Figs. <a href="#fig1"
class="cross-ref">1</a> and <a href="#fig2"
class="cross-ref">2</a></span></span>.</p>
<h1 data-number="5"
id="groups-of-cross-references-of-non-uniform-types"><span
class="header-section-number">5</span> Groups of cross-references of
non-uniform types</h1>
<p>See <span class="cross-ref-group"><span
class="crossrefs-of-a-kind">Figs. <span class="cross-ref"
id="sec1"></span><a href="#fig2" class="cross-ref">2</a> and <a
href="#fig3" class="cross-ref">3</a></span></span>.</p>
<p>See <span class="cross-ref-group"><span
class="crossrefs-of-a-kind">Secs. <a href="#sec1"
class="cross-ref">1</a> and <a href="#sec2"
class="cross-ref">2</a></span> and <a href="#fig3"
class="cross-ref">Fig. 3</a></span>.</p>
<p>See <span class="cross-ref-group"><a href="#eq1"
class="cross-ref">Eqn. 1</a>, <a href="#fig2"
class="cross-ref">Fig. 2</a>, and <a href="#sec3"
class="cross-ref">Sec. 3</a></span>.</p>
<p>See <span class="cross-ref-group"><a href="#eq1"
class="cross-ref">Eqn. 1</a> and <a href="#fig1"
class="cross-ref">Fig. 1</a></span>.</p>
<p><strong>Currently fails:</strong> See <span
class="cross-ref-group"><span class="crossrefs-of-a-kind">Figs. <span
class="cross-ref" id="eq1"></span><a href="#fig1"
class="cross-ref">1</a>, <a href="#fig2" class="cross-ref">2</a>, and <a
href="#fig3" class="cross-ref">3</a></span></span>.</p>
<h1 data-number="6" id="cross-reference-with-suppressed-prefix"><span
class="header-section-number">6</span> Cross-reference with suppressed
prefix</h1>
<p>See <a href="#fig1" class="cross-ref">1</a>.</p>
<h1 data-number="7" id="pathological-cases"><span
class="header-section-number">7</span> Pathological cases</h1>
<p><strong>Currently fails:</strong> Cross-reference group that doesn’t
begin and end in a cross-reference: See <span
class="cross-ref-group"><span class="crossrefs-of-a-kind">Secs. in
particular <a href="#sec1" class="cross-ref">1</a>, <a href="#sec2"
class="cross-ref">2</a>, and <a href="#sec3"
class="cross-ref">3</a></span> as well.]</span></p>
