<p><span id="eq:einstein" class="display-math-container"><span
class="math display"><em>E</em> = <em>m</em><em>c</em></span> <span
class="display-math-label">(1)</span></span></p>
<p>See <a href="#eq:einstein" class="cross-ref">Eqn. 1</a>.</p>
<p>See <span class="cross-ref-group"><span
class="crossrefs-of-a-kind">Figs. <a href="#fig1"
class="cross-ref">1</a>, <a href="#fig2" class="cross-ref">2</a>, and <a
href="#fig3" class="cross-ref">3</a></span></span>.</p>
<figure id="fig1">
<img src="fig1.jpg" alt="test" />
<figcaption><span class="figure-label">Fig. 1:</span> test</figcaption>
</figure>
<figure id="fig2">
<img src="fig2.jpg" alt="test" />
<figcaption><span class="figure-label">Fig. 2:</span> test</figcaption>
</figure>
<figure id="fig3">
<img src="fig3.jpg" alt="test" />
<figcaption><span class="figure-label">Fig. 3:</span> test</figcaption>
</figure>
<table id="tab1" class="class" data-key="val">
<caption><span class="table-label">Tbl. 1:</span> Table
caption</caption>
<thead>
<tr>
<th style="text-align: left;">Symbol</th>
<th style="text-align: left;">Meaning</th>
</tr>
</thead>
<tbody>
<tr>
<td style="text-align: left;">b</td>
<td style="text-align: left;">wingspan</td>
</tr>
</tbody>
</table>
<p>See <a href="#tab1" class="cross-ref">Tbl. 1</a>.</p>
